[brave.com/download/index.html]
[backblue.gif]
[fade.gif]
[index.html]
[brave.com/static-assets/js/localize.min.js]
[brave.com/static-assets/images/brave-favicon.png]
[brave.com/static-assets/images/cropped-brave_appicon_release-32x32.png]
[brave.com/static-assets/images/cropped-brave_appicon_release-192x192.png]
[brave.com/static-assets/images/cropped-brave_appicon_release-180x180.png]
[brave.com/static-assets/css/main.en.min.css]
[brave.com/static-assets/css/fonts-latin.css]
[brave.com/static-assets/css/noscript.min.css]
[brave.com/static-assets/js/is-browser.min.js]
[brave.com/static-assets/images/optimized/learn/images/secure-browser@2x.png]
[brave.com/static-assets/images/optimized/learn/images/private-browser@2x.png]
[brave.com/static-assets/images/optimized/learn/images/fastest-browser@2x.png]
[brave.com/static-assets/images/optimized/afrofuturedao/images/featured.jpg]
[brave.com/static-assets/images/optimized/android-vpn/images/featured.jpg]
[brave.com/static-assets/images/optimized/1.37-release/images/featured.jpg]
[brave.com/static-assets/images/optimized/brave-ads/podcast/images/Logo-AvaLabs.png]
[brave.com/static-assets/images/optimized/brave-ads/podcast/images/logo-eToro.png]
[brave.com/static-assets/images/optimized/brave-ads/podcast/images/logo-Bitpay.png]
[brave.com/static-assets/images/optimized/browser-2898x768.png]
[brave.com/static-assets/images/optimized/mobile-plank-download-qr.png]
[brave.com/static-assets/images/playstore.png]
[brave.com/static-assets/images/app-store-badge.png]
[brave.com/static-assets/images/interstitial-download-qr.png]
[brave.com/static-assets/images/site-nav-download-qr.png]
[brave.com/static-assets/images/brave-logo-no-shadow.png]
[brave.com/static-assets/vendors/lodash.throttle.min.js]
[brave.com/static-assets/js/ie-compat.min.js]
[brave.com/static-assets/js/delay-animations.min.js]
[brave.com/static-assets/js/accordion.min.js]
[brave.com/static-assets/js/detect-platform.en.min.js]
[brave.com/static-assets/js/diagonal-movement.min.js]
[brave.com/static-assets/js/download-info-accordion.min.js]
[brave.com/static-assets/js/interstitial.min.js]
[brave.com/static-assets/js/navigation.min.js]
[brave.com/static-assets/js/perfundo.min.js]
[brave.com/download/index.html]
[brave.com/static-assets/js/referral.min.js]
[brave.com/static-assets/images/filler.png]
[brave.com/static-assets/images/coding-background-texture.jpg]
[brave.com/static-assets/images/handsup2-light.jpg]
[brave.com/static-assets/icons/websites-icon.png]
[brave.com/static-assets/images/cubic-bg7.jpg]
[brave.com/static-assets/css/main.en.min.css]
[brave.com/static-assets/css/fonts-latin.css]
[brave.com/static-assets/css/noscript.min.css]
